c:\users\ville\documents\github\pokemon pinball +\native\build\game.dir\debug\vc145.pdb
c:\users\ville\documents\github\pokemon pinball +\native\build\game.dir\debug\red_field.obj
c:\users\ville\documents\github\pokemon pinball +\native\build\game.dir\debug\pinball.obj
c:\users\ville\documents\github\pokemon pinball +\native\build\game.dir\debug\physics_math.obj
c:\users\ville\documents\github\pokemon pinball +\native\build\game.dir\debug\mewtwo_bonus.obj
c:\users\ville\documents\github\pokemon pinball +\native\build\game.dir\debug\meowth_bonus.obj
c:\users\ville\documents\github\pokemon pinball +\native\build\game.dir\debug\main_loop.obj
c:\users\ville\documents\github\pokemon pinball +\native\build\game.dir\debug\joypad.obj
c:\users\ville\documents\github\pokemon pinball +\native\build\game.dir\debug\gengar_bonus.obj
c:\users\ville\documents\github\pokemon pinball +\native\build\game.dir\debug\game_state.obj
c:\users\ville\documents\github\pokemon pinball +\native\build\game.dir\debug\flippers.obj
c:\users\ville\documents\github\pokemon pinball +\native\build\game.dir\debug\draw_red_field.obj
c:\users\ville\documents\github\pokemon pinball +\native\build\game.dir\debug\draw_blue_field.obj
c:\users\ville\documents\github\pokemon pinball +\native\build\game.dir\debug\diglett_bonus.obj
c:\users\ville\documents\github\pokemon pinball +\native\build\game.dir\debug\config_data.obj
c:\users\ville\documents\github\pokemon pinball +\native\build\game.dir\debug\collision.obj
c:\users\ville\documents\github\pokemon pinball +\native\build\game.dir\debug\blue_field.obj
c:\users\ville\documents\github\pokemon pinball +\native\build\game.dir\debug\billboard.obj
c:\users\ville\documents\github\pokemon pinball +\native\build\game.dir\debug\ball_gfx.obj
c:\users\ville\documents\github\pokemon pinball +\native\build\game.dir\debug\animation.obj
c:\users\ville\documents\github\pokemon pinball +\native\build\game.dir\debug\audio.obj
c:\users\ville\documents\github\pokemon pinball +\native\build\game.dir\debug\stb_image_impl.obj
c:\users\ville\documents\github\pokemon pinball +\native\build\game.dir\debug\cjson.obj
c:\users\ville\documents\github\pokemon pinball +\native\build\game.dir\debug\vwf.obj
c:\users\ville\documents\github\pokemon pinball +\native\build\game.dir\debug\vram.obj
c:\users\ville\documents\github\pokemon pinball +\native\build\game.dir\debug\tile_loader.obj
c:\users\ville\documents\github\pokemon pinball +\native\build\game.dir\debug\stage_palettes.obj
c:\users\ville\documents\github\pokemon pinball +\native\build\game.dir\debug\stage_assets.obj
c:\users\ville\documents\github\pokemon pinball +\native\build\game.dir\debug\renderer.obj
c:\users\ville\documents\github\pokemon pinball +\native\build\game.dir\debug\platform.obj
c:\users\ville\documents\github\pokemon pinball +\native\build\game.dir\debug\main.obj
c:\users\ville\documents\github\pokemon pinball +\native\build\game.dir\debug\timer.obj
c:\users\ville\documents\github\pokemon pinball +\native\build\game.dir\debug\tilt.obj
c:\users\ville\documents\github\pokemon pinball +\native\build\game.dir\debug\seel_bonus.obj
c:\users\ville\documents\github\pokemon pinball +\native\build\game.dir\debug\score.obj
c:\users\ville\documents\github\pokemon pinball +\native\build\game.dir\debug\save.obj
c:\users\ville\documents\github\pokemon pinball +\native\build\game.dir\debug\rng.obj
c:\users\ville\documents\github\pokemon pinball +\native\build\game.dir\debug\stb_vorbis.obj
c:\users\ville\documents\github\pokemon pinball +\native\build\game.dir\debug\lbaselib.obj
c:\users\ville\documents\github\pokemon pinball +\native\build\game.dir\debug\lauxlib.obj
c:\users\ville\documents\github\pokemon pinball +\native\build\game.dir\debug\lapi.obj
c:\users\ville\documents\github\pokemon pinball +\native\build\game.dir\debug\scripting.obj
c:\users\ville\documents\github\pokemon pinball +\native\build\game.dir\debug\script_api.obj
c:\users\ville\documents\github\pokemon pinball +\native\build\game.dir\debug\lstate.obj
c:\users\ville\documents\github\pokemon pinball +\native\build\game.dir\debug\lparser.obj
c:\users\ville\documents\github\pokemon pinball +\native\build\game.dir\debug\loslib.obj
c:\users\ville\documents\github\pokemon pinball +\native\build\game.dir\debug\lopcodes.obj
c:\users\ville\documents\github\pokemon pinball +\native\build\game.dir\debug\lobject.obj
c:\users\ville\documents\github\pokemon pinball +\native\build\game.dir\debug\loadlib.obj
c:\users\ville\documents\github\pokemon pinball +\native\build\game.dir\debug\lmem.obj
c:\users\ville\documents\github\pokemon pinball +\native\build\game.dir\debug\lmathlib.obj
c:\users\ville\documents\github\pokemon pinball +\native\build\game.dir\debug\llex.obj
c:\users\ville\documents\github\pokemon pinball +\native\build\game.dir\debug\liolib.obj
c:\users\ville\documents\github\pokemon pinball +\native\build\game.dir\debug\linit.obj
c:\users\ville\documents\github\pokemon pinball +\native\build\game.dir\debug\lgc.obj
c:\users\ville\documents\github\pokemon pinball +\native\build\game.dir\debug\lfunc.obj
c:\users\ville\documents\github\pokemon pinball +\native\build\game.dir\debug\ldump.obj
c:\users\ville\documents\github\pokemon pinball +\native\build\game.dir\debug\ldo.obj
c:\users\ville\documents\github\pokemon pinball +\native\build\game.dir\debug\ldebug.obj
c:\users\ville\documents\github\pokemon pinball +\native\build\game.dir\debug\ldblib.obj
c:\users\ville\documents\github\pokemon pinball +\native\build\game.dir\debug\lctype.obj
c:\users\ville\documents\github\pokemon pinball +\native\build\game.dir\debug\lcorolib.obj
c:\users\ville\documents\github\pokemon pinball +\native\build\game.dir\debug\lcode.obj
c:\users\ville\documents\github\pokemon pinball +\native\build\game.dir\debug\lzio.obj
c:\users\ville\documents\github\pokemon pinball +\native\build\game.dir\debug\lvm.obj
c:\users\ville\documents\github\pokemon pinball +\native\build\game.dir\debug\lutf8lib.obj
c:\users\ville\documents\github\pokemon pinball +\native\build\game.dir\debug\lundump.obj
c:\users\ville\documents\github\pokemon pinball +\native\build\game.dir\debug\ltm.obj
c:\users\ville\documents\github\pokemon pinball +\native\build\game.dir\debug\ltablib.obj
c:\users\ville\documents\github\pokemon pinball +\native\build\game.dir\debug\ltable.obj
c:\users\ville\documents\github\pokemon pinball +\native\build\game.dir\debug\lstrlib.obj
c:\users\ville\documents\github\pokemon pinball +\native\build\game.dir\debug\lstring.obj
c:\users\ville\documents\github\pokemon pinball +\native\build\game.dir\debug\tilt_data.obj
c:\users\ville\documents\github\pokemon pinball +\native\build\game.dir\debug\tilemap_data.obj
c:\users\ville\documents\github\pokemon pinball +\native\build\game.dir\debug\physics_data.obj
c:\users\ville\documents\github\pokemon pinball +\native\build\game.dir\debug\flipper_data.obj
c:\users\ville\documents\github\pokemon pinball +\native\build\game.dir\debug\embedded_data.obj
c:\users\ville\documents\github\pokemon pinball +\native\build\game.dir\debug\collision_maps_data.obj
c:\users\ville\documents\github\pokemon pinball +\native\build\game.dir\debug\collision_angles_data.obj
c:\users\ville\documents\github\pokemon pinball +\native\build\game.dir\debug\bgattr_data.obj
c:\users\ville\documents\github\pokemon pinball +\native\build\game.dir\debug\editor_render.obj
c:\users\ville\documents\github\pokemon pinball +\native\build\game.dir\debug\editor.obj
c:\users\ville\documents\github\pokemon pinball +\native\build\game.dir\debug\editor_serialize.obj
c:\users\ville\documents\github\pokemon pinball +\native\build\game.dir\debug\stb_image_write_impl.obj
c:\users\ville\documents\github\pokemon pinball +\native\build\game.dir\debug\editor_mask.obj
c:\users\ville\documents\github\pokemon pinball +\native\build\cmakefiles\generate.stamp
c:\users\ville\documents\github\pokemon pinball +\native\build\debug\pokemon pinball plus.exe
c:\users\ville\documents\github\pokemon pinball +\native\build\debug\pokemon pinball plus.pdb
c:\users\ville\documents\github\pokemon pinball +\native\build\game.dir\debug\game.res
c:\users\ville\documents\github\pokemon pinball +\native\build\debug\pokemon pinball plus.lib
c:\users\ville\documents\github\pokemon pinball +\native\build\debug\pokemon pinball plus.exp
c:\users\ville\documents\github\pokemon pinball +\native\build\game.dir\debug\pokemon pinball plus.ilk
c:\users\ville\documents\github\pokemon pinball +\native\build\game.dir\debug\game.tlog\cl.command.1.tlog
c:\users\ville\documents\github\pokemon pinball +\native\build\game.dir\debug\game.tlog\cl.items.tlog
c:\users\ville\documents\github\pokemon pinball +\native\build\game.dir\debug\game.tlog\cl.read.1.tlog
c:\users\ville\documents\github\pokemon pinball +\native\build\game.dir\debug\game.tlog\cl.write.1.tlog
c:\users\ville\documents\github\pokemon pinball +\native\build\game.dir\debug\game.tlog\custombuild.command.1.tlog
c:\users\ville\documents\github\pokemon pinball +\native\build\game.dir\debug\game.tlog\custombuild.read.1.tlog
c:\users\ville\documents\github\pokemon pinball +\native\build\game.dir\debug\game.tlog\custombuild.write.1.tlog
c:\users\ville\documents\github\pokemon pinball +\native\build\game.dir\debug\game.tlog\link.command.1.tlog
c:\users\ville\documents\github\pokemon pinball +\native\build\game.dir\debug\game.tlog\link.read.1.tlog
c:\users\ville\documents\github\pokemon pinball +\native\build\game.dir\debug\game.tlog\link.secondary.1.tlog
c:\users\ville\documents\github\pokemon pinball +\native\build\game.dir\debug\game.tlog\link.write.1.tlog
c:\users\ville\documents\github\pokemon pinball +\native\build\game.dir\debug\game.tlog\rc.command.1.tlog
c:\users\ville\documents\github\pokemon pinball +\native\build\game.dir\debug\game.tlog\rc.read.1.tlog
c:\users\ville\documents\github\pokemon pinball +\native\build\game.dir\debug\game.tlog\rc.write.1.tlog
