c:\users\ville\documents\github\comp proj\native\build\game.dir\release\renderer.obj
c:\users\ville\documents\github\comp proj\native\build\game.dir\release\platform.obj
c:\users\ville\documents\github\comp proj\native\build\game.dir\release\main.obj
c:\users\ville\documents\github\comp proj\native\build\game.dir\release\tilt.obj
c:\users\ville\documents\github\comp proj\native\build\game.dir\release\score.obj
c:\users\ville\documents\github\comp proj\native\build\game.dir\release\save.obj
c:\users\ville\documents\github\comp proj\native\build\game.dir\release\rng.obj
c:\users\ville\documents\github\comp proj\native\build\game.dir\release\pinball.obj
c:\users\ville\documents\github\comp proj\native\build\game.dir\release\main_loop.obj
c:\users\ville\documents\github\comp proj\native\build\game.dir\release\joypad.obj
c:\users\ville\documents\github\comp proj\native\build\game.dir\release\game_state.obj
c:\users\ville\documents\github\comp proj\native\build\game.dir\release\animation.obj
c:\users\ville\documents\github\comp proj\native\build\game.dir\release\audio.obj
c:\users\ville\documents\github\comp proj\native\build\game.dir\release\red_field.obj
c:\users\ville\documents\github\comp proj\native\build\game.dir\release\physics_math.obj
c:\users\ville\documents\github\comp proj\native\build\game.dir\release\mewtwo_bonus.obj
c:\users\ville\documents\github\comp proj\native\build\game.dir\release\meowth_bonus.obj
c:\users\ville\documents\github\comp proj\native\build\game.dir\release\gengar_bonus.obj
c:\users\ville\documents\github\comp proj\native\build\game.dir\release\flippers.obj
c:\users\ville\documents\github\comp proj\native\build\game.dir\release\draw_red_field.obj
c:\users\ville\documents\github\comp proj\native\build\game.dir\release\draw_blue_field.obj
c:\users\ville\documents\github\comp proj\native\build\game.dir\release\diglett_bonus.obj
c:\users\ville\documents\github\comp proj\native\build\game.dir\release\collision.obj
c:\users\ville\documents\github\comp proj\native\build\game.dir\release\blue_field.obj
c:\users\ville\documents\github\comp proj\native\build\game.dir\release\billboard.obj
c:\users\ville\documents\github\comp proj\native\build\game.dir\release\ball_gfx.obj
c:\users\ville\documents\github\comp proj\native\build\game.dir\release\stb_image_impl.obj
c:\users\ville\documents\github\comp proj\native\build\game.dir\release\vwf.obj
c:\users\ville\documents\github\comp proj\native\build\game.dir\release\vram.obj
c:\users\ville\documents\github\comp proj\native\build\game.dir\release\tile_loader.obj
c:\users\ville\documents\github\comp proj\native\build\game.dir\release\stage_palettes.obj
c:\users\ville\documents\github\comp proj\native\build\game.dir\release\stage_assets.obj
c:\users\ville\documents\github\comp proj\native\build\game.dir\release\timer.obj
c:\users\ville\documents\github\comp proj\native\build\game.dir\release\seel_bonus.obj
c:\users\ville\documents\github\comp proj\native\build\cmakefiles\generate.stamp
c:\users\ville\documents\github\comp proj\native\build\release\pokemon pinball plus.exe
c:\users\ville\documents\github\comp proj\native\build\game.dir\release\game.res
c:\users\ville\documents\github\comp proj\native\build\game.dir\release\game.tlog\cl.command.1.tlog
c:\users\ville\documents\github\comp proj\native\build\game.dir\release\game.tlog\cl.items.tlog
c:\users\ville\documents\github\comp proj\native\build\game.dir\release\game.tlog\cl.read.1.tlog
c:\users\ville\documents\github\comp proj\native\build\game.dir\release\game.tlog\cl.write.1.tlog
c:\users\ville\documents\github\comp proj\native\build\game.dir\release\game.tlog\custombuild.command.1.tlog
c:\users\ville\documents\github\comp proj\native\build\game.dir\release\game.tlog\custombuild.read.1.tlog
c:\users\ville\documents\github\comp proj\native\build\game.dir\release\game.tlog\custombuild.write.1.tlog
c:\users\ville\documents\github\comp proj\native\build\game.dir\release\game.tlog\link.command.1.tlog
c:\users\ville\documents\github\comp proj\native\build\game.dir\release\game.tlog\link.read.1.tlog
c:\users\ville\documents\github\comp proj\native\build\game.dir\release\game.tlog\link.secondary.1.tlog
c:\users\ville\documents\github\comp proj\native\build\game.dir\release\game.tlog\link.write.1.tlog
c:\users\ville\documents\github\comp proj\native\build\game.dir\release\game.tlog\rc.command.1.tlog
c:\users\ville\documents\github\comp proj\native\build\game.dir\release\game.tlog\rc.read.1.tlog
c:\users\ville\documents\github\comp proj\native\build\game.dir\release\game.tlog\rc.write.1.tlog
